Connecting to local database...
2026-02-27 11:13:23,640 INFO sqlalchemy.engine.Engine select pg_catalog.version()
2026-02-27 11:13:23,641 INFO sqlalchemy.engine.Engine [raw sql] {}
2026-02-27 11:13:23,654 INFO sqlalchemy.engine.Engine select current_schema()
2026-02-27 11:13:23,654 INFO sqlalchemy.engine.Engine [raw sql] {}
2026-02-27 11:13:23,658 INFO sqlalchemy.engine.Engine show standard_conforming_strings
2026-02-27 11:13:23,658 INFO sqlalchemy.engine.Engine [raw sql] {}
2026-02-27 11:13:23,676 INFO sqlalchemy.engine.Engine BEGIN (implicit)
2026-02-27 11:13:23,688 INFO sqlalchemy.engine.Engine SELECT rows.id, rows.sheet_id, rows.data, rows.row_order, rows.created_at, rows.updated_at 
FROM rows
2026-02-27 11:13:23,688 INFO sqlalchemy.engine.Engine [generated in 0.00021s] {}
2026-02-27 11:13:23,695 INFO sqlalchemy.engine.Engine ROLLBACK
